Error type 7 at Line 12: binary operation on non-number variables
