Error type B at Line 3: Wrong type of index
Error type B at Line 4: Missing semicolon ';'
