Error type A at Line 3: unknown lexeme 0x00a
Error type A at Line 6: unknown lexeme 3a
Error type A at Line 7: unknown lexeme '\o901'
